DEBUG:root:Create New Entity
DEBUG:root:Entity(totalValue=0, debtor=Debtor(totalValue=0, ID=0), creditor=Creditor(totalValue=0, ID=0), ID=0)
DEBUG:root:Entity(totalValue=0, debtor=Debtor(totalValue=0, ID=1), creditor=Creditor(totalValue=0, ID=1), ID=1)
DEBUG:root:[0] Calculate Contract Interest
DEBUG:root:[0] ContractInterest(totalValue=1.1025, debtor=0, creditor=1, interest=1.05)
DEBUG:root:[0] Calculate Total Component Value
DEBUG:root:[0] Debtor(totalValue=3.3075, ID=0)
DEBUG:root:[0] Debtor(totalValue=0, ID=1)
DEBUG:root:[0] Creditor(totalValue=0, ID=0)
DEBUG:root:[0] Creditor(totalValue=-7.7175, ID=1)
DEBUG:root:[0] Calculate Total Entity Value
DEBUG:root:[0] Entity(totalValue=7.7175, debtor=Debtor(totalValue=7.7175, ID=0), creditor=Creditor(totalValue=0, ID=0), ID=0)
DEBUG:root:[0] Entity(totalValue=-7.7175, debtor=Debtor(totalValue=0, ID=1), creditor=Creditor(totalValue=-7.7175, ID=1), ID=1)
INFO:root:Simulated the economy in 0.0030 seconds for 1 cycles
